[debug] [2022-08-31T08:19:33.476Z] ----------------------------------------------------------------------
[debug] [2022-08-31T08:19:33.478Z] Command:       C:\Program Files\nodejs\node.exe C:\Users\Lukas\AppData\Roaming\npm\node_modules\firebase-tools\lib\bin\firebase.js init
[debug] [2022-08-31T08:19:33.478Z] CLI Version:   11.8.0
[debug] [2022-08-31T08:19:33.478Z] Platform:      win32
[debug] [2022-08-31T08:19:33.478Z] Node Version:  v16.14.0
[debug] [2022-08-31T08:19:33.479Z] Time:          Wed Aug 31 2022 10:19:33 GMT+0200 (Central European Summer Time)
[debug] [2022-08-31T08:19:33.479Z] ----------------------------------------------------------------------
[debug] 
[debug] [2022-08-31T08:19:33.533Z] > command requires scopes: ["email","openid","https://www.googleapis.com/auth/cloudplatformprojects.readonly","https://www.googleapis.com/auth/firebase","https://www.googleapis.com/auth/cloud-platform"]
[debug] [2022-08-31T08:19:33.533Z] > authorizing via signed-in user (lukas.k110@gmail.com)
[info] 
     ######## #### ########  ######## ########     ###     ######  ########
     ##        ##  ##     ## ##       ##     ##  ##   ##  ##       ##
     ######    ##  ########  ######   ########  #########  ######  ######
     ##        ##  ##    ##  ##       ##     ## ##     ##       ## ##
     ##       #### ##     ## ######## ########  ##     ##  ######  ########

You're about to initialize a Firebase project in this directory:

  D:\GitHub\solpix-animation

Before we get started, keep in mind:

  * You are initializing within an existing Firebase project directory

[info] 
=== Project Setup
[info] 
[info] First, let's associate this project directory with a Firebase project.
[info] You can create multiple project aliases by running firebase use --add, 
[info] but for now we'll just set up a default project.
[info] 
[debug] [2022-08-31T08:19:52.264Z] Using project from CLI flag: solpix-1d7a7
[debug] [2022-08-31T08:19:52.266Z] >>> [apiv2][query] GET https://firebase.googleapis.com/v1beta1/projects/solpix-1d7a7 [none]
[debug] [2022-08-31T08:19:52.555Z] <<< [apiv2][status] GET https://firebase.googleapis.com/v1beta1/projects/solpix-1d7a7 200
[debug] [2022-08-31T08:19:52.555Z] <<< [apiv2][body] GET https://firebase.googleapis.com/v1beta1/projects/solpix-1d7a7 {"projectId":"solpix-1d7a7","projectNumber":"145344008843","displayName":"SOLPIX","name":"projects/solpix-1d7a7","resources":{"hostingSite":"solpix-1d7a7"},"state":"ACTIVE","etag":"1_740ee126-b143-4eb5-b4f5-bf50f0fe6982"}
[info] i  Using project solpix-1d7a7 (SOLPIX) 
[info] 
=== Hosting Setup
[info] 
[info] Your public directory is the folder (relative to your project directory) that
[info] will contain Hosting assets to be uploaded with firebase deploy. If you
[info] have a build process for your assets, use your build's output directory.
[info] 
[debug] [2022-08-31T08:20:05.574Z] >>> [apiv2][query] GET https://www.gstatic.com/firebasejs/releases.json [none]
[debug] [2022-08-31T08:20:05.649Z] <<< [apiv2][status] GET https://www.gstatic.com/firebasejs/releases.json 200
[debug] [2022-08-31T08:20:05.650Z] <<< [apiv2][body] GET https://www.gstatic.com/firebasejs/releases.json {"current":{"version":"9.9.3","browserURL":"https://www.gstatic.com/firebasejs/9.9.3/firebase.js","packageURL":"https://www.gstatic.com/firebasejs/9.9.3/firebase.tgz"},"live":{"version":"9.9","browserURL":"https://www.gstatic.com/firebasejs/live/9.9/firebase.js","packageURL":"https://www.gstatic.com/firebasejs/live/9.9/firebase.tgz"},"components":{"analytics":"https://www.gstatic.com/firebasejs/9.9.3/firebase-analytics.js","app":"https://www.gstatic.com/firebasejs/9.9.3/firebase-app.js","app-check":"https://www.gstatic.com/firebasejs/9.9.3/firebase-app-check.js","auth":"https://www.gstatic.com/firebasejs/9.9.3/firebase-auth.js","auth/cordova":"https://www.gstatic.com/firebasejs/9.9.3/firebase-auth/cordova.js","auth/react-native":"https://www.gstatic.com/firebasejs/9.9.3/firebase-auth/react-native.js","functions":"https://www.gstatic.com/firebasejs/9.9.3/firebase-functions.js","firestore":"https://www.gstatic.com/firebasejs/9.9.3/firebase-firestore.js","firestore/lite":"https://www.gstatic.com/firebasejs/9.9.3/firebase-firestore/lite.js","installations":"https://www.gstatic.com/firebasejs/9.9.3/firebase-installations.js","storage":"https://www.gstatic.com/firebasejs/9.9.3/firebase-storage.js","performance":"https://www.gstatic.com/firebasejs/9.9.3/firebase-performance.js","remote-config":"https://www.gstatic.com/firebasejs/9.9.3/firebase-remote-config.js","messaging":"https://www.gstatic.com/firebasejs/9.9.3/firebase-messaging.js","messaging/sw":"https://www.gstatic.com/firebasejs/9.9.3/firebase-messaging/sw.js","database":"https://www.gstatic.com/firebasejs/9.9.3/firebase-database.js","firestore.memory":"https://www.gstatic.com/firebasejs/9.9.3/firebase-firestore.memory.js"}}
[info] +  Wrote dist/solpix/index.html 
[info] 
[info] i  Detected a .git folder at D:\GitHub\solpix-animation 
[info] i  Authorizing with GitHub to upload your service account to a GitHub repository's secrets store. 
[info] 
[info] Visit this URL on this device to log in:
[info] https://github.com/login/oauth/authorize?client_id=89cf50f02ac6aaed3484&state=672676105&redirect_uri=http%3A%2F%2Flocalhost%3A9005&scope=read%3Auser%20repo%20public_repo
[info] 
[info] Waiting for authentication...
[debug] [2022-08-31T08:20:17.617Z] >>> [apiv2][query] POST https://github.com/login/oauth/access_token [none]
[debug] [2022-08-31T08:20:17.617Z] >>> [apiv2][body] POST https://github.com/login/oauth/access_token [stream]
[debug] [2022-08-31T08:20:17.902Z] <<< [apiv2][status] POST https://github.com/login/oauth/access_token 200
[debug] [2022-08-31T08:20:17.903Z] <<< [apiv2][body] POST https://github.com/login/oauth/access_token {"access_token":"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","token_type":"bearer","scope":"read:user,repo"}
[debug] [2022-08-31T08:20:17.911Z] >>> [apiv2][query] GET https://api.github.com/user [none]
[debug] [2022-08-31T08:20:18.149Z] <<< [apiv2][status] GET https://api.github.com/user 200
[debug] [2022-08-31T08:20:18.149Z] <<< [apiv2][body] GET https://api.github.com/user {"login":"MonkeyDonkeyKing","id":33989806,"node_id":"MDQ6VXNlcjMzOTg5ODA2","avatar_url":"https://avatars.githubusercontent.com/u/33989806?v=4","gravatar_id":"","url":"https://api.github.com/users/MonkeyDonkeyKing","html_url":"https://github.com/MonkeyDonkeyKing","followers_url":"https://api.github.com/users/MonkeyDonkeyKing/followers","following_url":"https://api.github.com/users/MonkeyDonkeyKing/following{/other_user}","gists_url":"https://api.github.com/users/MonkeyDonkeyKing/gists{/gist_id}","starred_url":"https://api.github.com/users/MonkeyDonkeyKing/starred{/owner}{/repo}","subscriptions_url":"https://api.github.com/users/MonkeyDonkeyKing/subscriptions","organizations_url":"https://api.github.com/users/MonkeyDonkeyKing/orgs","repos_url":"https://api.github.com/users/MonkeyDonkeyKing/repos","events_url":"https://api.github.com/users/MonkeyDonkeyKing/events{/privacy}","received_events_url":"https://api.github.com/users/MonkeyDonkeyKing/received_events","type":"User","site_admin":false,"name":null,"company":null,"blog":"","location":null,"email":null,"hireable":null,"bio":null,"twitter_username":null,"public_repos":0,"public_gists":0,"followers":1,"following":1,"created_at":"2017-11-25T20:58:38Z","updated_at":"2022-08-31T08:20:17Z","private_gists":0,"total_private_repos":1,"owned_private_repos":1,"disk_usage":10640,"collaborators":1,"two_factor_authentication":false,"plan":{"name":"free","space":976562499,"collaborators":0,"private_repos":10000}}
[info] 
[info] +  Success! Logged into GitHub as MonkeyDonkeyKing 
[info] 
[debug] [2022-08-31T08:20:33.088Z] >>> [apiv2][query] GET https://api.github.com/repos//actions/secrets/public-key type=owner
[debug] [2022-08-31T08:20:33.312Z] <<< [apiv2][status] GET https://api.github.com/repos//actions/secrets/public-key 404
[debug] [2022-08-31T08:20:33.313Z] <<< [apiv2][body] GET https://api.github.com/repos//actions/secrets/public-key {"message":"Not Found","documentation_url":"https://docs.github.com/rest"}
[debug] [2022-08-31T08:21:22.067Z] >>> [apiv2][query] GET https://api.github.com/repos/MonkeyDonkeyKing/solpix-animation/actions/secrets/public-key type=owner
[debug] [2022-08-31T08:21:22.260Z] <<< [apiv2][status] GET https://api.github.com/repos/MonkeyDonkeyKing/solpix-animation/actions/secrets/public-key 404
[debug] [2022-08-31T08:21:22.260Z] <<< [apiv2][body] GET https://api.github.com/repos/MonkeyDonkeyKing/solpix-animation/actions/secrets/public-key {"message":"Not Found","documentation_url":"https://docs.github.com/rest/reference/actions#get-a-repository-public-key"}
[debug] [2022-08-31T08:21:24.367Z] >>> [apiv2][query] GET https://api.github.com/repos/MonkeyDonkeyKing/solpix-animation/actions/secrets/public-key type=owner
[debug] [2022-08-31T08:21:24.596Z] <<< [apiv2][status] GET https://api.github.com/repos/MonkeyDonkeyKing/solpix-animation/actions/secrets/public-key 404
[debug] [2022-08-31T08:21:24.597Z] <<< [apiv2][body] GET https://api.github.com/repos/MonkeyDonkeyKing/solpix-animation/actions/secrets/public-key {"message":"Not Found","documentation_url":"https://docs.github.com/rest/reference/actions#get-a-repository-public-key"}
[debug] [2022-08-31T08:21:26.822Z] >>> [apiv2][query] GET https://api.github.com/repos/MonkeyDonkeyKing/solpix-animation/actions/secrets/public-key type=owner
[debug] [2022-08-31T08:21:27.027Z] >>> [apiv2][query] GET https://api.github.com/repos//actions/secrets/public-key type=owner
[debug] [2022-08-31T08:21:27.030Z] <<< [apiv2][status] GET https://api.github.com/repos/MonkeyDonkeyKing/solpix-animation/actions/secrets/public-key 404
[debug] [2022-08-31T08:21:27.030Z] <<< [apiv2][body] GET https://api.github.com/repos/MonkeyDonkeyKing/solpix-animation/actions/secrets/public-key {"message":"Not Found","documentation_url":"https://docs.github.com/rest/reference/actions#get-a-repository-public-key"}
[debug] [2022-08-31T08:21:27.192Z] >>> [apiv2][query] GET https://api.github.com/repos/MonkeyDonkeyKing/solpix-animation/actions/secrets/public-key type=owner
[debug] [2022-08-31T08:21:27.211Z] <<< [apiv2][status] GET https://api.github.com/repos//actions/secrets/public-key 404
[debug] [2022-08-31T08:21:27.211Z] <<< [apiv2][body] GET https://api.github.com/repos//actions/secrets/public-key {"message":"Not Found","documentation_url":"https://docs.github.com/rest"}
[debug] [2022-08-31T08:21:27.371Z] >>> [apiv2][query] GET https://api.github.com/repos//actions/secrets/public-key type=owner
[debug] [2022-08-31T08:21:27.417Z] <<< [apiv2][status] GET https://api.github.com/repos/MonkeyDonkeyKing/solpix-animation/actions/secrets/public-key 404
[debug] [2022-08-31T08:21:27.417Z] <<< [apiv2][body] GET https://api.github.com/repos/MonkeyDonkeyKing/solpix-animation/actions/secrets/public-key {"message":"Not Found","documentation_url":"https://docs.github.com/rest/reference/actions#get-a-repository-public-key"}
[debug] [2022-08-31T08:21:27.557Z] <<< [apiv2][status] GET https://api.github.com/repos//actions/secrets/public-key 404
[debug] [2022-08-31T08:21:27.558Z] <<< [apiv2][body] GET https://api.github.com/repos//actions/secrets/public-key {"message":"Not Found","documentation_url":"https://docs.github.com/rest"}
[debug] [2022-08-31T08:21:29.001Z] >>> [apiv2][query] GET https://api.github.com/repos/MonkeyDonkeyKing/solpix-animation/actions/secrets/public-key type=owner
[debug] [2022-08-31T08:21:29.232Z] <<< [apiv2][status] GET https://api.github.com/repos/MonkeyDonkeyKing/solpix-animation/actions/secrets/public-key 404
[debug] [2022-08-31T08:21:29.232Z] <<< [apiv2][body] GET https://api.github.com/repos/MonkeyDonkeyKing/solpix-animation/actions/secrets/public-key {"message":"Not Found","documentation_url":"https://docs.github.com/rest/reference/actions#get-a-repository-public-key"}
[debug] [2022-08-31T08:21:29.279Z] >>> [apiv2][query] GET https://api.github.com/repos/MonkeyDonkeyKing/solpix-animation/actions/secrets/public-key type=owner
[debug] [2022-08-31T08:21:29.478Z] >>> [apiv2][query] GET https://api.github.com/repos//actions/secrets/public-key type=owner
[debug] [2022-08-31T08:21:29.486Z] <<< [apiv2][status] GET https://api.github.com/repos/MonkeyDonkeyKing/solpix-animation/actions/secrets/public-key 404
[debug] [2022-08-31T08:21:29.486Z] <<< [apiv2][body] GET https://api.github.com/repos/MonkeyDonkeyKing/solpix-animation/actions/secrets/public-key {"message":"Not Found","documentation_url":"https://docs.github.com/rest/reference/actions#get-a-repository-public-key"}
[debug] [2022-08-31T08:21:29.657Z] <<< [apiv2][status] GET https://api.github.com/repos//actions/secrets/public-key 404
[debug] [2022-08-31T08:21:29.658Z] <<< [apiv2][body] GET https://api.github.com/repos//actions/secrets/public-key {"message":"Not Found","documentation_url":"https://docs.github.com/rest"}
[debug] [2022-08-31T08:21:29.858Z] >>> [apiv2][query] GET https://api.github.com/repos/MonkeyDonkeyKing/solpix-animation/actions/secrets/public-key type=owner
[debug] [2022-08-31T08:21:30.008Z] >>> [apiv2][query] GET https://api.github.com/repos//actions/secrets/public-key type=owner
[debug] [2022-08-31T08:21:30.045Z] <<< [apiv2][status] GET https://api.github.com/repos/MonkeyDonkeyKing/solpix-animation/actions/secrets/public-key 404
[debug] [2022-08-31T08:21:30.045Z] <<< [apiv2][body] GET https://api.github.com/repos/MonkeyDonkeyKing/solpix-animation/actions/secrets/public-key {"message":"Not Found","documentation_url":"https://docs.github.com/rest/reference/actions#get-a-repository-public-key"}
[debug] [2022-08-31T08:21:30.180Z] <<< [apiv2][status] GET https://api.github.com/repos//actions/secrets/public-key 404
[debug] [2022-08-31T08:21:30.181Z] <<< [apiv2][body] GET https://api.github.com/repos//actions/secrets/public-key {"message":"Not Found","documentation_url":"https://docs.github.com/rest"}
[debug] [2022-08-31T08:21:46.440Z] ----------------------------------------------------------------------
[debug] [2022-08-31T08:21:46.441Z] Command:       C:\Program Files\nodejs\node.exe C:\Users\Lukas\AppData\Roaming\npm\node_modules\firebase-tools\lib\bin\firebase.js init
[debug] [2022-08-31T08:21:46.441Z] CLI Version:   11.8.0
[debug] [2022-08-31T08:21:46.442Z] Platform:      win32
[debug] [2022-08-31T08:21:46.442Z] Node Version:  v16.14.0
[debug] [2022-08-31T08:21:46.442Z] Time:          Wed Aug 31 2022 10:21:46 GMT+0200 (Central European Summer Time)
[debug] [2022-08-31T08:21:46.443Z] ----------------------------------------------------------------------
[debug] 
[debug] [2022-08-31T08:21:46.507Z] > command requires scopes: ["email","openid","https://www.googleapis.com/auth/cloudplatformprojects.readonly","https://www.googleapis.com/auth/firebase","https://www.googleapis.com/auth/cloud-platform"]
[debug] [2022-08-31T08:21:46.507Z] > authorizing via signed-in user (lukas.k110@gmail.com)
[info] 
     ######## #### ########  ######## ########     ###     ######  ########
     ##        ##  ##     ## ##       ##     ##  ##   ##  ##       ##
     ######    ##  ########  ######   ########  #########  ######  ######
     ##        ##  ##    ##  ##       ##     ## ##     ##       ## ##
     ##       #### ##     ## ######## ########  ##     ##  ######  ########

You're about to initialize a Firebase project in this directory:

  D:\GitHub\solpix-animation

Before we get started, keep in mind:

  * You are initializing within an existing Firebase project directory

